------------------------------------------------------------
Timing Analyzer Summary
------------------------------------------------------------

Type  : Slow 1100mV 85C Model Setup 'Key0'
Slack : -0.705
TNS   : -4.042

Type  : Slow 1100mV 85C Model Hold 'Key0'
Slack : 0.461
TNS   : 0.000

Type  : Slow 1100mV 85C Model Minimum Pulse Width 'Key0'
Slack : -0.538
TNS   : -7.341

Type  : Slow 1100mV 0C Model Setup 'Key0'
Slack : -0.738
TNS   : -4.497

Type  : Slow 1100mV 0C Model Hold 'Key0'
Slack : 0.488
TNS   : 0.000

Type  : Slow 1100mV 0C Model Minimum Pulse Width 'Key0'
Slack : -0.538
TNS   : -6.663

Type  : Fast 1100mV 85C Model Setup 'Key0'
Slack : 0.155
TNS   : 0.000

Type  : Fast 1100mV 85C Model Hold 'Key0'
Slack : 0.182
TNS   : 0.000

Type  : Fast 1100mV 85C Model Minimum Pulse Width 'Key0'
Slack : -0.358
TNS   : -3.178

Type  : Fast 1100mV 0C Model Setup 'Key0'
Slack : 0.208
TNS   : 0.000

Type  : Fast 1100mV 0C Model Hold 'Key0'
Slack : 0.172
TNS   : 0.000

Type  : Fast 1100mV 0C Model Minimum Pulse Width 'Key0'
Slack : -0.323
TNS   : -2.765

------------------------------------------------------------
